[
	{
		"CountryIsoAlpha2Code": "US",
		"CountryIsoAlpha3Code": "USA",
		"CountryName": "United States",
		"ProvinceName": "Alabama",
		"InstitutionID": "04388c80-a7df-db11-9b6e-0010c6cb78ad",
		"OrganizationName": "DeVry University",
		"SubsectorCode": "education_college_university",
		"ProvinceCode": "AL",
		"AllowUnauthenticatedBrowsing": true,
		"FriendlyWebStoreUrl": "http://devry.onthehub.com",
		"ProductMajorVersions": null,
		"WebStoreID": "086a1395-522c-df11-b4ab-0030487d8897",
		"WebStoreName": "Devry University",
		"WebStoreUrl": "https://e5.onthehub.com/WebStore/Welcome.aspx?ws=086a1395-522c-df11-b4ab-0030487d8897"
	}
]