[
	{
		"CountryIsoAlpha2Code": "US",
		"CountryIsoAlpha3Code": "USA",
		"CountryName": "United States",
		"ProvinceName": "Alabama",
		"InstitutionID": "8be890ec-da02-e811-80fc-000d3af41938",
		"OrganizationName": "Northwest Shoals Community College",
		"SubsectorCode": "education_college_university",
		"ProvinceCode": "AL",
		"AllowUnauthenticatedBrowsing": true,
		"FriendlyWebStoreUrl": null,
		"ProductMajorVersions": null,
		"WebStoreID": "9be890ec-da02-e811-80fc-000d3af41938",
		"WebStoreName": "Northwest-Shoals Community College - Computer Information",
		"WebStoreUrl": "https://e5.onthehub.com/WebStore/Welcome.aspx?ws=9be890ec-da02-e811-80fc-000d3af41938"
	}
]