[
	{
		"CountryIsoAlpha2Code": "AU",
		"CountryIsoAlpha3Code": "AUS",
		"CountryName": "Australia",
		"InstitutionID": "111f7843-ead9-e711-80fa-000d3af41938",
		"OrganizationName": "Fountain College",
		"SubsectorCode": "education_k_12",
		"ProvinceCode": null,
		"AllowUnauthenticatedBrowsing": true,
		"FriendlyWebStoreUrl": null,
		"ProductMajorVersions": null,
		"WebStoreID": "978c2b57-ead9-e711-80fa-000d3af41938",
		"WebStoreName": "Fountain College",
		"WebStoreUrl": "https://e5.onthehub.com/WebStore/Welcome.aspx?ws=978c2b57-ead9-e711-80fa-000d3af41938"
	}
]