[
	{
		"CountryIsoAlpha2Code": "AU",
		"CountryIsoAlpha3Code": "AUS",
		"CountryName": "Australia",
		"InstitutionID": "f42d831d-890b-e411-9401-b8ca3a5db7a1",
		"OrganizationName": "Lutheran Education Australia",
		"SubsectorCode": "education_k_12",
		"ProvinceCode": null,
		"AllowUnauthenticatedBrowsing": true,
		"FriendlyWebStoreUrl": null,
		"ProductMajorVersions": null,
		"WebStoreID": "dabdf429-890b-e411-9401-b8ca3a5db7a1",
		"WebStoreName": "Lutheran Education Queensland",
		"WebStoreUrl": "https://e5.onthehub.com/WebStore/Welcome.aspx?ws=dabdf429-890b-e411-9401-b8ca3a5db7a1"
	},
	{
		"CountryIsoAlpha2Code": "AU",
		"CountryIsoAlpha3Code": "AUS",
		"CountryName": "Australia",
		"InstitutionID": "4cddb882-8d5c-e511-9410-b8ca3a5db7a1",
		"OrganizationName": "Lutheran Education Australia",
		"SubsectorCode": "education_k_12",
		"ProvinceCode": null,
		"AllowUnauthenticatedBrowsing": false,
		"FriendlyWebStoreUrl": null,
		"ProductMajorVersions": null,
		"WebStoreID": "3b4bbe9a-8d5c-e511-9410-b8ca3a5db7a1",
		"WebStoreName": "Trinity Lutheran College",
		"WebStoreUrl": "https://e5.onthehub.com/WebStore/Welcome.aspx?ws=3b4bbe9a-8d5c-e511-9410-b8ca3a5db7a1"
	},
	{
		"CountryIsoAlpha2Code": "AU",
		"CountryIsoAlpha3Code": "AUS",
		"CountryName": "Australia",
		"InstitutionID": "02d671a7-9465-e511-9410-b8ca3a5db7a1",
		"OrganizationName": "Lutheran Education Australia",
		"SubsectorCode": "education_k_12",
		"ProvinceCode": null,
		"AllowUnauthenticatedBrowsing": true,
		"FriendlyWebStoreUrl": null,
		"ProductMajorVersions": null,
		"WebStoreID": "04d671a7-9465-e511-9410-b8ca3a5db7a1",
		"WebStoreName": "Tatachilla Lutheran College Assoc Inc",
		"WebStoreUrl": "https://e5.onthehub.com/WebStore/Welcome.aspx?ws=04d671a7-9465-e511-9410-b8ca3a5db7a1"
	},
	{
		"CountryIsoAlpha2Code": "AU",
		"CountryIsoAlpha3Code": "AUS",
		"CountryName": "Australia",
		"InstitutionID": "13f19cd9-6109-e511-940c-b8ca3a5db7a1",
		"OrganizationName": "Lutheran Education Australia",
		"SubsectorCode": "education_k_12",
		"ProvinceCode": null,
		"AllowUnauthenticatedBrowsing": false,
		"FriendlyWebStoreUrl": null,
		"ProductMajorVersions": null,
		"WebStoreID": "37abde93-e465-e511-9410-b8ca3a5db7a1",
		"WebStoreName": "Lutheran Education Australia",
		"WebStoreUrl": "https://e5.onthehub.com/WebStore/Welcome.aspx?ws=37abde93-e465-e511-9410-b8ca3a5db7a1"
	},
	{
		"CountryIsoAlpha2Code": "AU",
		"CountryIsoAlpha3Code": "AUS",
		"CountryName": "Australia",
		"InstitutionID": "1f6e17d5-c017-e211-a76f-f04da23e67f6",
		"OrganizationName": "Lutheran Education Australia",
		"SubsectorCode": "education_k_12",
		"ProvinceCode": null,
		"AllowUnauthenticatedBrowsing": true,
		"FriendlyWebStoreUrl": null,
		"ProductMajorVersions": null,
		"WebStoreID": "f3766fdb-126d-e511-9411-b8ca3a5db7a1",
		"WebStoreName": "Bethania Lutheran Primary School",
		"WebStoreUrl": "https://e5.onthehub.com/WebStore/Welcome.aspx?ws=f3766fdb-126d-e511-9411-b8ca3a5db7a1"
	},
	{
		"CountryIsoAlpha2Code": "AU",
		"CountryIsoAlpha3Code": "AUS",
		"CountryName": "Australia",
		"InstitutionID": "f46d17d5-c017-e211-a76f-f04da23e67f6",
		"OrganizationName": "Lutheran Education Australia",
		"SubsectorCode": "education_k_12",
		"ProvinceCode": null,
		"AllowUnauthenticatedBrowsing": true,
		"FriendlyWebStoreUrl": null,
		"ProductMajorVersions": null,
		"WebStoreID": "52c17844-156d-e511-9411-b8ca3a5db7a1",
		"WebStoreName": "Bethany Lutheran Primary School",
		"WebStoreUrl": "https://e5.onthehub.com/WebStore/Welcome.aspx?ws=52c17844-156d-e511-9411-b8ca3a5db7a1"
	},
	{
		"CountryIsoAlpha2Code": "AU",
		"CountryIsoAlpha3Code": "AUS",
		"CountryName": "Australia",
		"InstitutionID": "3b9bc0e7-166d-e511-9411-b8ca3a5db7a1",
		"OrganizationName": "Lutheran Education Australia",
		"SubsectorCode": "education_k_12",
		"ProvinceCode": null,
		"AllowUnauthenticatedBrowsing": true,
		"FriendlyWebStoreUrl": null,
		"ProductMajorVersions": null,
		"WebStoreID": "f29ecbf3-166d-e511-9411-b8ca3a5db7a1",
		"WebStoreName": "Concordia Lutheran College",
		"WebStoreUrl": "https://e5.onthehub.com/WebStore/Welcome.aspx?ws=f29ecbf3-166d-e511-9411-b8ca3a5db7a1"
	},
	{
		"CountryIsoAlpha2Code": "AU",
		"CountryIsoAlpha3Code": "AUS",
		"CountryName": "Australia",
		"InstitutionID": "5fef650e-196d-e511-9411-b8ca3a5db7a1",
		"OrganizationName": "Lutheran Education Australia",
		"SubsectorCode": "education_k_12",
		"ProvinceCode": null,
		"AllowUnauthenticatedBrowsing": true,
		"FriendlyWebStoreUrl": null,
		"ProductMajorVersions": null,
		"WebStoreID": "376a671a-196d-e511-9411-b8ca3a5db7a1",
		"WebStoreName": "Faith Lutheran College, Plainland",
		"WebStoreUrl": "https://e5.onthehub.com/WebStore/Welcome.aspx?ws=376a671a-196d-e511-9411-b8ca3a5db7a1"
	},
	{
		"CountryIsoAlpha2Code": "AU",
		"CountryIsoAlpha3Code": "AUS",
		"CountryName": "Australia",
		"InstitutionID": "95259471-c117-e211-a76f-f04da23e67f6",
		"OrganizationName": "Lutheran Education Australia",
		"SubsectorCode": "education_k_12",
		"ProvinceCode": null,
		"AllowUnauthenticatedBrowsing": true,
		"FriendlyWebStoreUrl": null,
		"ProductMajorVersions": null,
		"WebStoreID": "21a42f75-1c6d-e511-9411-b8ca3a5db7a1",
		"WebStoreName": "Good News Lutheran Primary School",
		"WebStoreUrl": "https://e5.onthehub.com/WebStore/Welcome.aspx?ws=21a42f75-1c6d-e511-9411-b8ca3a5db7a1"
	},
	{
		"CountryIsoAlpha2Code": "AU",
		"CountryIsoAlpha3Code": "AUS",
		"CountryName": "Australia",
		"InstitutionID": "f0fc2049-1f6d-e511-9411-b8ca3a5db7a1",
		"OrganizationName": "Lutheran Education Australia",
		"SubsectorCode": "education_k_12",
		"ProvinceCode": null,
		"AllowUnauthenticatedBrowsing": true,
		"FriendlyWebStoreUrl": null,
		"ProductMajorVersions": null,
		"WebStoreID": "d3c9265b-1f6d-e511-9411-b8ca3a5db7a1",
		"WebStoreName": "Good Shepherd Lutheran College",
		"WebStoreUrl": "https://e5.onthehub.com/WebStore/Welcome.aspx?ws=d3c9265b-1f6d-e511-9411-b8ca3a5db7a1"
	},
	{
		"CountryIsoAlpha2Code": "AU",
		"CountryIsoAlpha3Code": "AUS",
		"CountryName": "Australia",
		"InstitutionID": "11175ace-530c-e411-9401-b8ca3a5db7a1",
		"OrganizationName": "Lutheran Education Australia",
		"SubsectorCode": "education_k_12",
		"ProvinceCode": null,
		"AllowUnauthenticatedBrowsing": true,
		"FriendlyWebStoreUrl": null,
		"ProductMajorVersions": null,
		"WebStoreID": "02423f8b-be6d-e511-9411-b8ca3a5db7a1",
		"WebStoreName": "Grace Lutheran College",
		"WebStoreUrl": "https://e5.onthehub.com/WebStore/Welcome.aspx?ws=02423f8b-be6d-e511-9411-b8ca3a5db7a1"
	},
	{
		"CountryIsoAlpha2Code": "AU",
		"CountryIsoAlpha3Code": "AUS",
		"CountryName": "Australia",
		"InstitutionID": "4134add1-bf17-e211-a76f-f04da23e67f6",
		"OrganizationName": "Lutheran Education Australia",
		"SubsectorCode": "education_k_12",
		"ProvinceCode": null,
		"AllowUnauthenticatedBrowsing": true,
		"FriendlyWebStoreUrl": null,
		"ProductMajorVersions": null,
		"WebStoreID": "7ca232c1-c26d-e511-9411-b8ca3a5db7a1",
		"WebStoreName": "Grace Lutheran Primary School",
		"WebStoreUrl": "https://e5.onthehub.com/WebStore/Welcome.aspx?ws=7ca232c1-c26d-e511-9411-b8ca3a5db7a1"
	},
	{
		"CountryIsoAlpha2Code": "AU",
		"CountryIsoAlpha3Code": "AUS",
		"CountryName": "Australia",
		"InstitutionID": "e193ddb2-ce6d-e511-9411-b8ca3a5db7a1",
		"OrganizationName": "Lutheran Education Australia",
		"SubsectorCode": "education_k_12",
		"ProvinceCode": null,
		"AllowUnauthenticatedBrowsing": true,
		"FriendlyWebStoreUrl": null,
		"ProductMajorVersions": null,
		"WebStoreID": "f021f6e8-ce6d-e511-9411-b8ca3a5db7a1",
		"WebStoreName": "Immanuel Lutheran College",
		"WebStoreUrl": "https://e5.onthehub.com/WebStore/Welcome.aspx?ws=f021f6e8-ce6d-e511-9411-b8ca3a5db7a1"
	},
	{
		"CountryIsoAlpha2Code": "AU",
		"CountryIsoAlpha3Code": "AUS",
		"CountryName": "Australia",
		"InstitutionID": "0413a0dd-bf17-e211-a76f-f04da23e67f6",
		"OrganizationName": "Lutheran Education Australia",
		"SubsectorCode": "education_k_12",
		"ProvinceCode": null,
		"AllowUnauthenticatedBrowsing": true,
		"FriendlyWebStoreUrl": null,
		"ProductMajorVersions": null,
		"WebStoreID": "1ac676db-ef6d-e511-9411-b8ca3a5db7a1",
		"WebStoreName": "Living Faith Lutheran Primary School",
		"WebStoreUrl": "https://e5.onthehub.com/WebStore/Welcome.aspx?ws=1ac676db-ef6d-e511-9411-b8ca3a5db7a1"
	},
	{
		"CountryIsoAlpha2Code": "AU",
		"CountryIsoAlpha3Code": "AUS",
		"CountryName": "Australia",
		"InstitutionID": "8af7494d-c117-e211-a76f-f04da23e67f6",
		"OrganizationName": "Lutheran Education Australia",
		"SubsectorCode": "education_k_12",
		"ProvinceCode": null,
		"AllowUnauthenticatedBrowsing": true,
		"FriendlyWebStoreUrl": null,
		"ProductMajorVersions": null,
		"WebStoreID": "faa2292c-f26d-e511-9411-b8ca3a5db7a1",
		"WebStoreName": "Lutheran Ormeau Rivers District School",
		"WebStoreUrl": "https://e5.onthehub.com/WebStore/Welcome.aspx?ws=faa2292c-f26d-e511-9411-b8ca3a5db7a1"
	},
	{
		"CountryIsoAlpha2Code": "AU",
		"CountryIsoAlpha3Code": "AUS",
		"CountryName": "Australia",
		"InstitutionID": "ca0abd76-550c-e411-9401-b8ca3a5db7a1",
		"OrganizationName": "Lutheran Education Australia",
		"SubsectorCode": "education_k_12",
		"ProvinceCode": null,
		"AllowUnauthenticatedBrowsing": true,
		"FriendlyWebStoreUrl": null,
		"ProductMajorVersions": null,
		"WebStoreID": "17189ec1-f46d-e511-9411-b8ca3a5db7a1",
		"WebStoreName": "Peace Lutheran College",
		"WebStoreUrl": "https://e5.onthehub.com/WebStore/Welcome.aspx?ws=17189ec1-f46d-e511-9411-b8ca3a5db7a1"
	},
	{
		"CountryIsoAlpha2Code": "AU",
		"CountryIsoAlpha3Code": "AUS",
		"CountryName": "Australia",
		"InstitutionID": "4edd9ee9-bf17-e211-a76f-f04da23e67f6",
		"OrganizationName": "Lutheran Education Australia",
		"SubsectorCode": "education_k_12",
		"ProvinceCode": null,
		"AllowUnauthenticatedBrowsing": true,
		"FriendlyWebStoreUrl": null,
		"ProductMajorVersions": null,
		"WebStoreID": "87730a57-f86d-e511-9411-b8ca3a5db7a1",
		"WebStoreName": "Peace Lutheran Primary School",
		"WebStoreUrl": "https://e5.onthehub.com/WebStore/Welcome.aspx?ws=87730a57-f86d-e511-9411-b8ca3a5db7a1"
	},
	{
		"CountryIsoAlpha2Code": "AU",
		"CountryIsoAlpha3Code": "AUS",
		"CountryName": "Australia",
		"InstitutionID": "02d0ccc6-fd6d-e511-9411-b8ca3a5db7a1",
		"OrganizationName": "Lutheran Education Australia",
		"SubsectorCode": "education_k_12",
		"ProvinceCode": null,
		"AllowUnauthenticatedBrowsing": true,
		"FriendlyWebStoreUrl": null,
		"ProductMajorVersions": null,
		"WebStoreID": "6497269b-fe6d-e511-9411-b8ca3a5db7a1",
		"WebStoreName": "Prince Of Peace Lutheran College",
		"WebStoreUrl": "https://e5.onthehub.com/WebStore/Welcome.aspx?ws=6497269b-fe6d-e511-9411-b8ca3a5db7a1"
	},
	{
		"CountryIsoAlpha2Code": "AU",
		"CountryIsoAlpha3Code": "AUS",
		"CountryName": "Australia",
		"InstitutionID": "73d409e1-c017-e211-a76f-f04da23e67f6",
		"OrganizationName": "Lutheran Education Australia",
		"SubsectorCode": "education_k_12",
		"ProvinceCode": null,
		"AllowUnauthenticatedBrowsing": true,
		"FriendlyWebStoreUrl": null,
		"ProductMajorVersions": null,
		"WebStoreID": "acc50a81-ab71-e511-9411-b8ca3a5db7a1",
		"WebStoreName": "Redeemer Lutheran Primary School",
		"WebStoreUrl": "https://e5.onthehub.com/WebStore/Welcome.aspx?ws=acc50a81-ab71-e511-9411-b8ca3a5db7a1"
	},
	{
		"CountryIsoAlpha2Code": "AU",
		"CountryIsoAlpha3Code": "AUS",
		"CountryName": "Australia",
		"InstitutionID": "5cd409e1-c017-e211-a76f-f04da23e67f6",
		"OrganizationName": "Lutheran Education Australia",
		"SubsectorCode": "education_k_12",
		"ProvinceCode": null,
		"AllowUnauthenticatedBrowsing": true,
		"FriendlyWebStoreUrl": null,
		"ProductMajorVersions": null,
		"WebStoreID": "7f6a0e68-af71-e511-9411-b8ca3a5db7a1",
		"WebStoreName": "St Johns Lutheran Primary School",
		"WebStoreUrl": "https://e5.onthehub.com/WebStore/Welcome.aspx?ws=7f6a0e68-af71-e511-9411-b8ca3a5db7a1"
	},
	{
		"CountryIsoAlpha2Code": "AU",
		"CountryIsoAlpha3Code": "AUS",
		"CountryName": "Australia",
		"InstitutionID": "54d7729e-a8e4-e511-9417-b8ca3a5db7a1",
		"OrganizationName": "Lutheran Education Australia",
		"SubsectorCode": "education_k_12",
		"ProvinceCode": null,
		"AllowUnauthenticatedBrowsing": true,
		"FriendlyWebStoreUrl": null,
		"ProductMajorVersions": null,
		"WebStoreID": "e36c03ab-a8e4-e511-9417-b8ca3a5db7a1",
		"WebStoreName": "Lutheran Education QLD Head Office",
		"WebStoreUrl": "https://e5.onthehub.com/WebStore/Welcome.aspx?ws=e36c03ab-a8e4-e511-9417-b8ca3a5db7a1"
	},
	{
		"CountryIsoAlpha2Code": "AU",
		"CountryIsoAlpha3Code": "AUS",
		"CountryName": "Australia",
		"InstitutionID": "e179f850-6dbd-e211-be21-f04da23e67f4",
		"OrganizationName": "Lutheran Education Australia",
		"SubsectorCode": "education_k_12",
		"ProvinceCode": null,
		"AllowUnauthenticatedBrowsing": false,
		"FriendlyWebStoreUrl": "http://stjameslc.qld.onthehub.com",
		"ProductMajorVersions": null,
		"WebStoreID": "9618dd70-6dbd-e211-be21-f04da23e67f4",
		"WebStoreName": "St James Lutheran College",
		"WebStoreUrl": "https://e5.onthehub.com/WebStore/Welcome.aspx?ws=9618dd70-6dbd-e211-be21-f04da23e67f4"
	},
	{
		"CountryIsoAlpha2Code": "AU",
		"CountryIsoAlpha3Code": "AUS",
		"CountryName": "Australia",
		"InstitutionID": "bd5e74e8-81bd-e211-be21-f04da23e67f4",
		"OrganizationName": "Lutheran Education Australia",
		"SubsectorCode": "education_k_12",
		"ProvinceCode": null,
		"AllowUnauthenticatedBrowsing": true,
		"FriendlyWebStoreUrl": "http://redeemer.qld.onthehub.com",
		"ProductMajorVersions": null,
		"WebStoreID": "658c35fb-81bd-e211-be21-f04da23e67f4",
		"WebStoreName": "Redeemer Lutheran College",
		"WebStoreUrl": "https://e5.onthehub.com/WebStore/Welcome.aspx?ws=658c35fb-81bd-e211-be21-f04da23e67f4"
	},
	{
		"CountryIsoAlpha2Code": "AU",
		"CountryIsoAlpha3Code": "AUS",
		"CountryName": "Australia",
		"InstitutionID": "5740e82d-406c-e011-971f-0030487d8897",
		"OrganizationName": "Lutheran Education Australia",
		"SubsectorCode": "education_k_12",
		"ProvinceCode": null,
		"AllowUnauthenticatedBrowsing": true,
		"FriendlyWebStoreUrl": "http://stpeters.qld.onthehub.com",
		"ProductMajorVersions": null,
		"WebStoreID": "42d4d86c-559f-e111-9b64-f04da23e67f6",
		"WebStoreName": "St Peters Lutheran College",
		"WebStoreUrl": "https://e5.onthehub.com/WebStore/Welcome.aspx?ws=42d4d86c-559f-e111-9b64-f04da23e67f6"
	},
	{
		"CountryIsoAlpha2Code": "AU",
		"CountryIsoAlpha3Code": "AUS",
		"CountryName": "Australia",
		"InstitutionID": "0b24c162-4ba0-e111-9b64-f04da23e67f6",
		"OrganizationName": "Lutheran Education Australia",
		"SubsectorCode": "education_k_12",
		"ProvinceCode": null,
		"AllowUnauthenticatedBrowsing": true,
		"FriendlyWebStoreUrl": "http://standrewslutheran.qld.onthehub.com",
		"ProductMajorVersions": null,
		"WebStoreID": "73338db8-4ca0-e111-9b64-f04da23e67f6",
		"WebStoreName": "St Andrews Lutheran College",
		"WebStoreUrl": "https://e5.onthehub.com/WebStore/Welcome.aspx?ws=73338db8-4ca0-e111-9b64-f04da23e67f6"
	},
	{
		"CountryIsoAlpha2Code": "AU",
		"CountryIsoAlpha3Code": "AUS",
		"CountryName": "Australia",
		"InstitutionID": "00bbfd7b-e845-e111-a1f4-f04da23e67f6",
		"OrganizationName": "Lutheran Education Australia",
		"SubsectorCode": "education_k_12",
		"ProvinceCode": null,
		"AllowUnauthenticatedBrowsing": true,
		"FriendlyWebStoreUrl": "http://faithlutheran.onthehub.com",
		"ProductMajorVersions": null,
		"WebStoreID": "9fb8bba1-e845-e111-a1f4-f04da23e67f6",
		"WebStoreName": "Faith Lutheran College, Redlands",
		"WebStoreUrl": "https://e5.onthehub.com/WebStore/Welcome.aspx?ws=9fb8bba1-e845-e111-a1f4-f04da23e67f6"
	},
	{
		"CountryIsoAlpha2Code": "AU",
		"CountryIsoAlpha3Code": "AUS",
		"CountryName": "Australia",
		"InstitutionID": "3a963dd4-eb4d-e111-a1f4-f04da23e67f6",
		"OrganizationName": "Lutheran Education Australia",
		"SubsectorCode": "education_k_12",
		"ProvinceCode": null,
		"AllowUnauthenticatedBrowsing": true,
		"FriendlyWebStoreUrl": "http://pacificlutheran.qld.onthehub.com",
		"ProductMajorVersions": null,
		"WebStoreID": "4b0ba0ed-eb4d-e111-a1f4-f04da23e67f6",
		"WebStoreName": "Pacific Lutheran College",
		"WebStoreUrl": "https://e5.onthehub.com/WebStore/Welcome.aspx?ws=4b0ba0ed-eb4d-e111-a1f4-f04da23e67f6"
	}
]