[
	{
		"CountryIsoAlpha2Code": "AU",
		"CountryIsoAlpha3Code": "AUS",
		"CountryName": "Australia",
		"InstitutionID": "1ce6df2a-ba14-e711-9427-b8ca3a5db7a1",
		"OrganizationName": "Flinders University of South Australia - Store",
		"SubsectorCode": "education_college_university",
		"ProvinceCode": null,
		"AllowUnauthenticatedBrowsing": true,
		"FriendlyWebStoreUrl": null,
		"ProductMajorVersions": null,
		"WebStoreID": "33e6df2a-ba14-e711-9427-b8ca3a5db7a1",
		"WebStoreName": "Flinders University of South Australia",
		"WebStoreUrl": "https://e5.onthehub.com/WebStore/Welcome.aspx?ws=33e6df2a-ba14-e711-9427-b8ca3a5db7a1"
	}
]