[
	{
		"CountryIsoAlpha2Code": "AU",
		"CountryIsoAlpha3Code": "AUS",
		"CountryName": "Australia",
		"InstitutionID": "3f94af20-cc33-e011-b1e1-0030487d8897",
		"OrganizationName": "Brisbane Catholic Education (Australia)",
		"SubsectorCode": "education_k_12",
		"ProvinceCode": null,
		"AllowUnauthenticatedBrowsing": false,
		"FriendlyWebStoreUrl": null,
		"ProductMajorVersions": null,
		"WebStoreID": "36c8cbbe-465b-e711-80f0-000d3af41938",
		"WebStoreName": "Mary MacKillop College",
		"WebStoreUrl": "https://e5.onthehub.com/WebStore/Welcome.aspx?ws=36c8cbbe-465b-e711-80f0-000d3af41938"
	},
	{
		"CountryIsoAlpha2Code": "AU",
		"CountryIsoAlpha3Code": "AUS",
		"CountryName": "Australia",
		"InstitutionID": "1dc8e3e0-a054-e011-bd14-0030487d8897",
		"OrganizationName": "Brisbane Catholic Education (Australia)",
		"SubsectorCode": "education_k_12",
		"ProvinceCode": null,
		"AllowUnauthenticatedBrowsing": true,
		"FriendlyWebStoreUrl": "http://bne.catholic.onthehub.com",
		"ProductMajorVersions": null,
		"WebStoreID": "7401fcf4-6495-e211-87e9-f04da23e67f4",
		"WebStoreName": "Brisbane Catholic Education",
		"WebStoreUrl": "https://e5.onthehub.com/WebStore/Welcome.aspx?ws=7401fcf4-6495-e211-87e9-f04da23e67f4"
	}
]