[
	{
		"CountryIsoAlpha2Code": "AU",
		"CountryIsoAlpha3Code": "AUS",
		"CountryName": "Australia",
		"InstitutionID": "265548e1-dafb-e911-8122-000d3af41938",
		"OrganizationName": "Melbourne High School",
		"SubsectorCode": "education_k_12",
		"ProvinceCode": null,
		"AllowUnauthenticatedBrowsing": true,
		"FriendlyWebStoreUrl": null,
		"ProductMajorVersions": null,
		"WebStoreID": "1a6412e8-dafb-e911-8122-000d3af41938",
		"WebStoreName": "Melbourne High School",
		"WebStoreUrl": "https://e5.onthehub.com/WebStore/Welcome.aspx?ws=1a6412e8-dafb-e911-8122-000d3af41938"
	}
]