[
	{
		"CountryIsoAlpha2Code": "AU",
		"CountryIsoAlpha3Code": "AUS",
		"CountryName": "Australia",
		"InstitutionID": "2aca7ef4-ba7a-e611-9421-b8ca3a5db7a1",
		"OrganizationName": "Gisborne Secondary School - Gisborne - Campus Store",
		"SubsectorCode": "education_k_12",
		"ProvinceCode": null,
		"AllowUnauthenticatedBrowsing": true,
		"FriendlyWebStoreUrl": null,
		"ProductMajorVersions": null,
		"WebStoreID": "38ca7ef4-ba7a-e611-9421-b8ca3a5db7a1",
		"WebStoreName": "Gisborne Secondary School - Gisborne",
		"WebStoreUrl": "https://e5.onthehub.com/WebStore/Welcome.aspx?ws=38ca7ef4-ba7a-e611-9421-b8ca3a5db7a1"
	}
]