[
	{
		"CountryIsoAlpha2Code": "US",
		"CountryIsoAlpha3Code": "USA",
		"CountryName": "United States",
		"ProvinceName": "Arizona",
		"InstitutionID": "933c8c80-a7df-db11-9b6e-0010c6cb78ad",
		"OrganizationName": "Apollo Group, Inc.",
		"SubsectorCode": "education_college_university",
		"ProvinceCode": "AZ",
		"AllowUnauthenticatedBrowsing": true,
		"FriendlyWebStoreUrl": "http://phoenix.onthehub.com",
		"ProductMajorVersions": null,
		"WebStoreID": "f2f60c3e-dfe6-dc11-8873-0030485a6b08",
		"WebStoreName": "University of Phoenix",
		"WebStoreUrl": "https://e5.onthehub.com/WebStore/Welcome.aspx?ws=f2f60c3e-dfe6-dc11-8873-0030485a6b08"
	},
	{
		"CountryIsoAlpha2Code": "US",
		"CountryIsoAlpha3Code": "USA",
		"CountryName": "United States",
		"ProvinceName": "Arizona",
		"InstitutionID": "f03b8c80-a7df-db11-9b6e-0010c6cb78ad",
		"OrganizationName": "Apollo Group, Inc.",
		"SubsectorCode": "education_college_university",
		"ProvinceCode": "AZ",
		"AllowUnauthenticatedBrowsing": true,
		"FriendlyWebStoreUrl": "http://wintu.onthehub.com",
		"ProductMajorVersions": null,
		"WebStoreID": "20dee1e0-6bc5-dd11-9f2a-0030485a7be8",
		"WebStoreName": "Western International University",
		"WebStoreUrl": "https://e5.onthehub.com/WebStore/Welcome.aspx?ws=20dee1e0-6bc5-dd11-9f2a-0030485a7be8"
	},
	{
		"CountryIsoAlpha2Code": "US",
		"CountryIsoAlpha3Code": "USA",
		"CountryName": "United States",
		"ProvinceName": "Arizona",
		"InstitutionID": "4290538f-2ecd-de11-baeb-0030487d8896",
		"OrganizationName": "Apollo Group, Inc.",
		"SubsectorCode": "education_college_university",
		"ProvinceCode": "AZ",
		"AllowUnauthenticatedBrowsing": true,
		"FriendlyWebStoreUrl": "http://meritusu.onthehub.com",
		"ProductMajorVersions": null,
		"WebStoreID": "d6c9a2d4-2ecd-de11-baeb-0030487d8896",
		"WebStoreName": "Meritus University",
		"WebStoreUrl": "https://e5.onthehub.com/WebStore/Welcome.aspx?ws=d6c9a2d4-2ecd-de11-baeb-0030487d8896"
	},
	{
		"CountryIsoAlpha2Code": "US",
		"CountryIsoAlpha3Code": "USA",
		"CountryName": "United States",
		"ProvinceName": "Arizona",
		"InstitutionID": "2c0c6c7a-65c5-dd11-9f2a-0030485a7be8",
		"OrganizationName": "Apollo Group, Inc.",
		"SubsectorCode": "education_college_university",
		"ProvinceCode": "AZ",
		"AllowUnauthenticatedBrowsing": true,
		"FriendlyWebStoreUrl": "http://apollogrp.onthehub.com",
		"ProductMajorVersions": null,
		"WebStoreID": "d716abb9-e0f3-df11-9c87-0030487d8897",
		"WebStoreName": "Apollo Group, Inc. - Staff Marketplace Webstore",
		"WebStoreUrl": "https://e5.onthehub.com/WebStore/Welcome.aspx?ws=d716abb9-e0f3-df11-9c87-0030487d8897"
	},
	{
		"CountryIsoAlpha2Code": "US",
		"CountryIsoAlpha3Code": "USA",
		"CountryName": "United States",
		"ProvinceName": "Arizona",
		"InstitutionID": "e80eda17-826e-e411-9406-b8ca3a5db7a1",
		"OrganizationName": "Apollo Group, Inc.",
		"SubsectorCode": "education_college_university",
		"ProvinceCode": "AZ",
		"AllowUnauthenticatedBrowsing": true,
		"FriendlyWebStoreUrl": null,
		"ProductMajorVersions": null,
		"WebStoreID": "e9a1ee23-826e-e411-9406-b8ca3a5db7a1",
		"WebStoreName": "Apollo Group",
		"WebStoreUrl": "https://e5.onthehub.com/WebStore/Welcome.aspx?ws=e9a1ee23-826e-e411-9406-b8ca3a5db7a1"
	},
	{
		"CountryIsoAlpha2Code": "US",
		"CountryIsoAlpha3Code": "USA",
		"CountryName": "United States",
		"ProvinceName": "Arizona",
		"InstitutionID": "f2a076ab-e3ca-e311-93fc-b8ca3a5db7a3",
		"OrganizationName": "Apollo Group, Inc.",
		"SubsectorCode": "education_college_university",
		"ProvinceCode": "AZ",
		"AllowUnauthenticatedBrowsing": false,
		"FriendlyWebStoreUrl": null,
		"ProductMajorVersions": null,
		"WebStoreID": "fbba8abd-e3ca-e311-93fc-b8ca3a5db7a3",
		"WebStoreName": "Apollo Group, Inc - HUP",
		"WebStoreUrl": "https://e5.onthehub.com/WebStore/Welcome.aspx?ws=fbba8abd-e3ca-e311-93fc-b8ca3a5db7a3"
	},
	{
		"CountryIsoAlpha2Code": "US",
		"CountryIsoAlpha3Code": "USA",
		"CountryName": "United States",
		"ProvinceName": "Arizona",
		"InstitutionID": "5376ef3f-a4cc-e311-93fc-b8ca3a5db7a3",
		"OrganizationName": "Apollo Group, Inc.",
		"SubsectorCode": "education_college_university",
		"ProvinceCode": "AZ",
		"AllowUnauthenticatedBrowsing": true,
		"FriendlyWebStoreUrl": null,
		"ProductMajorVersions": null,
		"WebStoreID": "1cb32f6c-a4cc-e311-93fc-b8ca3a5db7a3",
		"WebStoreName": "Universidad Latinoamericana (ULA)",
		"WebStoreUrl": "https://e5.onthehub.com/WebStore/Welcome.aspx?ws=1cb32f6c-a4cc-e311-93fc-b8ca3a5db7a3"
	},
	{
		"CountryIsoAlpha2Code": "US",
		"CountryIsoAlpha3Code": "USA",
		"CountryName": "United States",
		"ProvinceName": "Arizona",
		"InstitutionID": "28654154-61e9-dd11-9772-0030485a8df0",
		"OrganizationName": "Apollo Group, Inc.",
		"SubsectorCode": "education_college_university",
		"ProvinceCode": "AZ",
		"AllowUnauthenticatedBrowsing": true,
		"FriendlyWebStoreUrl": "http://cffp.onthehub.com",
		"ProductMajorVersions": null,
		"WebStoreID": "32f6cb11-c164-e211-a88c-f04da23e67f4",
		"WebStoreName": "College for Financial Planning",
		"WebStoreUrl": "https://e5.onthehub.com/WebStore/Welcome.aspx?ws=32f6cb11-c164-e211-a88c-f04da23e67f4"
	}
]