[
	{
		"CountryIsoAlpha2Code": "AR",
		"CountryIsoAlpha3Code": "ARG",
		"CountryName": "Argentina",
		"InstitutionID": "21fc5d36-6d6f-e011-9c77-b8ac6f0ecbe1",
		"OrganizationName": "Universidad Blas Pascal",
		"SubsectorCode": "education_college_university",
		"ProvinceCode": null,
		"AllowUnauthenticatedBrowsing": true,
		"FriendlyWebStoreUrl": null,
		"ProductMajorVersions": null,
		"WebStoreID": "8ea87759-826f-e011-971f-0030487d8897",
		"WebStoreName": "Universidad Blas Pascal - Dirección de Sistemas de Información",
		"WebStoreUrl": "https://e5.onthehub.com/WebStore/Welcome.aspx?ws=8ea87759-826f-e011-971f-0030487d8897"
	}
]