[
	{
		"CountryIsoAlpha2Code": "AU",
		"CountryIsoAlpha3Code": "AUS",
		"CountryName": "Australia",
		"InstitutionID": "d7c071b9-bf17-e211-a76f-f04da23e67f6",
		"OrganizationName": "Mueller College",
		"SubsectorCode": "education_college_university",
		"ProvinceCode": null,
		"AllowUnauthenticatedBrowsing": true,
		"FriendlyWebStoreUrl": null,
		"ProductMajorVersions": null,
		"WebStoreID": "c2a0289c-8f0b-e411-9401-b8ca3a5db7a1",
		"WebStoreName": "Independent Schools Queensland",
		"WebStoreUrl": "https://e5.onthehub.com/WebStore/Welcome.aspx?ws=c2a0289c-8f0b-e411-9401-b8ca3a5db7a1"
	},
	{
		"CountryIsoAlpha2Code": "AU",
		"CountryIsoAlpha3Code": "AUS",
		"CountryName": "Australia",
		"InstitutionID": "48120044-1763-e111-8056-f04da23e67f6",
		"OrganizationName": "Mueller College",
		"SubsectorCode": "education_college_university",
		"ProvinceCode": null,
		"AllowUnauthenticatedBrowsing": true,
		"FriendlyWebStoreUrl": "http://mueller.qld.onthehub.com",
		"ProductMajorVersions": null,
		"WebStoreID": "68364648-1367-e111-ad7f-f04da23e67f6",
		"WebStoreName": "Mueller College",
		"WebStoreUrl": "https://e5.onthehub.com/WebStore/Welcome.aspx?ws=68364648-1367-e111-ad7f-f04da23e67f6"
	}
]