[
	{
		"CountryIsoAlpha2Code": "AU",
		"CountryIsoAlpha3Code": "AUS",
		"CountryName": "Australia",
		"InstitutionID": "4b1b6a50-1bae-e311-93fb-b8ca3a5db7a1",
		"OrganizationName": "Ellenbrook Christian College",
		"SubsectorCode": "education_college_university",
		"ProvinceCode": null,
		"AllowUnauthenticatedBrowsing": true,
		"FriendlyWebStoreUrl": null,
		"ProductMajorVersions": null,
		"WebStoreID": "bce98a5c-1bae-e311-93fb-b8ca3a5db7a1",
		"WebStoreName": "Ellenbrook Christian College",
		"WebStoreUrl": "https://e5.onthehub.com/WebStore/Welcome.aspx?ws=bce98a5c-1bae-e311-93fb-b8ca3a5db7a1"
	}
]