[
	{
		"CountryIsoAlpha2Code": "AU",
		"CountryIsoAlpha3Code": "AUS",
		"CountryName": "Australia",
		"InstitutionID": "53263329-4858-e311-93f7-b8ca3a5db7a1",
		"OrganizationName": "Northside Christian College",
		"SubsectorCode": "education_k_12",
		"ProvinceCode": null,
		"AllowUnauthenticatedBrowsing": true,
		"FriendlyWebStoreUrl": null,
		"ProductMajorVersions": null,
		"WebStoreID": "b4f35da7-4858-e311-93f7-b8ca3a5db7a1",
		"WebStoreName": "Northside Christian College",
		"WebStoreUrl": "https://e5.onthehub.com/WebStore/Welcome.aspx?ws=b4f35da7-4858-e311-93f7-b8ca3a5db7a1"
	}
]