[
	{
		"CountryIsoAlpha2Code": "AU",
		"CountryIsoAlpha3Code": "AUS",
		"CountryName": "Australia",
		"InstitutionID": "7193ec6b-8ccd-e811-810b-000d3af41938",
		"OrganizationName": "North Regional TAFE",
		"SubsectorCode": "education_college_university",
		"ProvinceCode": null,
		"AllowUnauthenticatedBrowsing": true,
		"FriendlyWebStoreUrl": null,
		"ProductMajorVersions": null,
		"WebStoreID": "7699e971-8ccd-e811-810b-000d3af41938",
		"WebStoreName": "North Regional TAFE",
		"WebStoreUrl": "https://e5.onthehub.com/WebStore/Welcome.aspx?ws=7699e971-8ccd-e811-810b-000d3af41938"
	}
]