[
	{
		"CountryIsoAlpha2Code": "AU",
		"CountryIsoAlpha3Code": "AUS",
		"CountryName": "Australia",
		"InstitutionID": "5f9b7969-57c6-e711-80f9-000d3af41938",
		"OrganizationName": "Denison College - Kelso High Campus",
		"SubsectorCode": "education_college_university",
		"ProvinceCode": null,
		"AllowUnauthenticatedBrowsing": true,
		"FriendlyWebStoreUrl": null,
		"ProductMajorVersions": null,
		"WebStoreID": "6d9b7969-57c6-e711-80f9-000d3af41938",
		"WebStoreName": "Denison College - Kelso High Campus - Technology",
		"WebStoreUrl": "https://e5.onthehub.com/WebStore/Welcome.aspx?ws=6d9b7969-57c6-e711-80f9-000d3af41938"
	}
]