[
	{
		"CountryIsoAlpha2Code": "US",
		"CountryIsoAlpha3Code": "USA",
		"CountryName": "United States",
		"ProvinceName": "Alabama",
		"InstitutionID": "eb4346fd-1683-e011-b380-b8ac6f0ecbe1",
		"OrganizationName": "Athens State University",
		"SubsectorCode": "education_college_university",
		"ProvinceCode": "AL",
		"AllowUnauthenticatedBrowsing": true,
		"FriendlyWebStoreUrl": null,
		"ProductMajorVersions": null,
		"WebStoreID": "4259679d-929b-e011-969d-0030487d8897",
		"WebStoreName": "Athens State University - Business",
		"WebStoreUrl": "https://e5.onthehub.com/WebStore/Welcome.aspx?ws=4259679d-929b-e011-969d-0030487d8897"
	},
	{
		"CountryIsoAlpha2Code": "US",
		"CountryIsoAlpha3Code": "USA",
		"CountryName": "United States",
		"ProvinceName": "Alabama",
		"InstitutionID": "61573515-1783-e011-b380-b8ac6f0ecbe1",
		"OrganizationName": "Athens State University",
		"SubsectorCode": "education_college_university",
		"ProvinceCode": "AL",
		"AllowUnauthenticatedBrowsing": true,
		"FriendlyWebStoreUrl": null,
		"ProductMajorVersions": null,
		"WebStoreID": "78131d30-c19b-e011-969d-0030487d8897",
		"WebStoreName": "Athens State University - Computer Science",
		"WebStoreUrl": "https://e5.onthehub.com/WebStore/Welcome.aspx?ws=78131d30-c19b-e011-969d-0030487d8897"
	}
]