[
	{
		"CountryIsoAlpha2Code": "AU",
		"CountryIsoAlpha3Code": "AUS",
		"CountryName": "Australia",
		"InstitutionID": "dd512654-b6eb-e511-9417-b8ca3a5db7a1",
		"OrganizationName": "Haileybury",
		"SubsectorCode": "education_k_12",
		"ProvinceCode": null,
		"AllowUnauthenticatedBrowsing": true,
		"FriendlyWebStoreUrl": null,
		"ProductMajorVersions": null,
		"WebStoreID": "eb512654-b6eb-e511-9417-b8ca3a5db7a1",
		"WebStoreName": "Haileybury - Keysborough",
		"WebStoreUrl": "https://e5.onthehub.com/WebStore/Welcome.aspx?ws=eb512654-b6eb-e511-9417-b8ca3a5db7a1"
	}
]