[
	{
		"CountryIsoAlpha2Code": "US",
		"CountryIsoAlpha3Code": "USA",
		"CountryName": "United States",
		"ProvinceName": "Arizona",
		"InstitutionID": "8d07565e-a326-e711-9427-b8ca3a5db7a1",
		"OrganizationName": "Grand Canyon University, Main Campus",
		"SubsectorCode": "education_college_university",
		"ProvinceCode": "AZ",
		"AllowUnauthenticatedBrowsing": true,
		"FriendlyWebStoreUrl": null,
		"ProductMajorVersions": null,
		"WebStoreID": "9c07565e-a326-e711-9427-b8ca3a5db7a1",
		"WebStoreName": "GCU CSET -VMWare & Azure DevTools for Teaching",
		"WebStoreUrl": "https://e5.onthehub.com/WebStore/Welcome.aspx?ws=9c07565e-a326-e711-9427-b8ca3a5db7a1"
	}
]