[
	{
		"CountryIsoAlpha2Code": "AU",
		"CountryIsoAlpha3Code": "AUS",
		"CountryName": "Australia",
		"InstitutionID": "95e2794c-7743-e611-941e-b8ca3a5db7a1",
		"OrganizationName": "Ivanhoe Grammar School",
		"SubsectorCode": "education_k_12",
		"ProvinceCode": null,
		"AllowUnauthenticatedBrowsing": false,
		"FriendlyWebStoreUrl": null,
		"ProductMajorVersions": null,
		"WebStoreID": "b65ed858-7743-e611-941e-b8ca3a5db7a1",
		"WebStoreName": "Ivanhoe Grammar School",
		"WebStoreUrl": "https://e5.onthehub.com/WebStore/Welcome.aspx?ws=b65ed858-7743-e611-941e-b8ca3a5db7a1"
	}
]