[
	{
		"CountryIsoAlpha2Code": "US",
		"CountryIsoAlpha3Code": "USA",
		"CountryName": "United States",
		"ProvinceName": "Alabama",
		"InstitutionID": "c1bd84e4-41b9-e111-ad8d-f04da23e67f6",
		"OrganizationName": "Scottsboro City Board of Education",
		"SubsectorCode": "education_k_12",
		"ProvinceCode": "AL",
		"AllowUnauthenticatedBrowsing": true,
		"FriendlyWebStoreUrl": null,
		"ProductMajorVersions": null,
		"WebStoreID": "d6e5fd96-48b9-e111-ad8d-f04da23e67f6",
		"WebStoreName": "Elementary and High School Teacher Discounts on Microsoft Office and Windows",
		"WebStoreUrl": "https://e5.onthehub.com/WebStore/Welcome.aspx?ws=d6e5fd96-48b9-e111-ad8d-f04da23e67f6"
	}
]