[
	{
		"CountryIsoAlpha2Code": "US",
		"CountryIsoAlpha3Code": "USA",
		"CountryName": "United States",
		"ProvinceName": "Arizona",
		"InstitutionID": "ae7b7075-fb73-e811-8106-000d3af41938",
		"OrganizationName": "Cartwright School District - Phoenix - Campus Store",
		"SubsectorCode": "education_k_12",
		"ProvinceCode": "AZ",
		"AllowUnauthenticatedBrowsing": true,
		"FriendlyWebStoreUrl": null,
		"ProductMajorVersions": null,
		"WebStoreID": "be7b7075-fb73-e811-8106-000d3af41938",
		"WebStoreName": "Cartwright School District - Phoenix",
		"WebStoreUrl": "https://e5.onthehub.com/WebStore/Welcome.aspx?ws=be7b7075-fb73-e811-8106-000d3af41938"
	}
]