[
	{
		"CountryIsoAlpha2Code": "AL",
		"CountryIsoAlpha3Code": "ALB",
		"CountryName": "Albania",
		"InstitutionID": "b5d5fb1b-8f70-e811-8106-000d3af41938",
		"OrganizationName": "Industriale Pavaresia",
		"SubsectorCode": "education_k_12",
		"ProvinceCode": null,
		"AllowUnauthenticatedBrowsing": true,
		"FriendlyWebStoreUrl": null,
		"ProductMajorVersions": null,
		"WebStoreID": "fc5a083c-8f70-e811-8106-000d3af41938",
		"WebStoreName": "Industriale Pavaresia",
		"WebStoreUrl": "https://e5.onthehub.com/WebStore/Welcome.aspx?ws=fc5a083c-8f70-e811-8106-000d3af41938"
	}
]