[
	{
		"CountryIsoAlpha2Code": "AU",
		"CountryIsoAlpha3Code": "AUS",
		"CountryName": "Australia",
		"InstitutionID": "be11c72b-1683-e011-b380-b8ac6f0ecbe1",
		"OrganizationName": "Mt St Michael's College - Ashgrove - Campus Store",
		"SubsectorCode": "education_college_university",
		"ProvinceCode": null,
		"AllowUnauthenticatedBrowsing": true,
		"FriendlyWebStoreUrl": null,
		"ProductMajorVersions": null,
		"WebStoreID": "41968784-a98b-e011-969d-0030487d8897",
		"WebStoreName": "Mt St Michael's College - Ashgrove",
		"WebStoreUrl": "https://e5.onthehub.com/WebStore/Welcome.aspx?ws=41968784-a98b-e011-969d-0030487d8897"
	}
]