[
	{
		"CountryIsoAlpha2Code": "AR",
		"CountryIsoAlpha3Code": "ARG",
		"CountryName": "Argentina",
		"InstitutionID": "71664575-17e8-e311-93fd-b8ca3a5db7a3",
		"OrganizationName": "Instituto Dr. Manuel Lucero",
		"SubsectorCode": "education_college_university",
		"ProvinceCode": null,
		"AllowUnauthenticatedBrowsing": true,
		"FriendlyWebStoreUrl": null,
		"ProductMajorVersions": null,
		"WebStoreID": "7f664575-17e8-e311-93fd-b8ca3a5db7a3",
		"WebStoreName": "Instituto Dr. Manuel Lucero - Sistemas",
		"WebStoreUrl": "https://e5.onthehub.com/WebStore/Welcome.aspx?ws=7f664575-17e8-e311-93fd-b8ca3a5db7a3"
	}
]