[
	{
		"CountryIsoAlpha2Code": "US",
		"CountryIsoAlpha3Code": "USA",
		"CountryName": "United States",
		"ProvinceName": "Alabama",
		"InstitutionID": "4d7f2a21-1783-e011-b380-b8ac6f0ecbe1",
		"OrganizationName": "Colorado Technical University Online",
		"SubsectorCode": "education_college_university",
		"ProvinceCode": "AL",
		"AllowUnauthenticatedBrowsing": true,
		"FriendlyWebStoreUrl": null,
		"ProductMajorVersions": null,
		"WebStoreID": "27a61ef5-c39b-e011-969d-0030487d8897",
		"WebStoreName": "Colorado Technical University - Information Technology",
		"WebStoreUrl": "https://e5.onthehub.com/WebStore/Welcome.aspx?ws=27a61ef5-c39b-e011-969d-0030487d8897"
	},
	{
		"CountryIsoAlpha2Code": "US",
		"CountryIsoAlpha3Code": "USA",
		"CountryName": "United States",
		"ProvinceName": "Alabama",
		"InstitutionID": "c43f8c80-a7df-db11-9b6e-0010c6cb78ad",
		"OrganizationName": "Colorado Technical University Online",
		"SubsectorCode": "education_college_university",
		"ProvinceCode": "AL",
		"AllowUnauthenticatedBrowsing": false,
		"FriendlyWebStoreUrl": "http://coloradotech.onthehub.com",
		"ProductMajorVersions": null,
		"WebStoreID": "4d24c779-2c56-e011-bd14-0030487d8897",
		"WebStoreName": "Colorado Technical University (CTU)",
		"WebStoreUrl": "https://e5.onthehub.com/WebStore/Welcome.aspx?ws=4d24c779-2c56-e011-bd14-0030487d8897"
	}
]