[
	{
		"CountryIsoAlpha2Code": "AU",
		"CountryIsoAlpha3Code": "AUS",
		"CountryName": "Australia",
		"InstitutionID": "94b019ca-e729-e311-93f4-b8ca3a5db7a1",
		"OrganizationName": "Nothern Melbourne Institute of TAFE",
		"SubsectorCode": "education_college_university",
		"ProvinceCode": null,
		"AllowUnauthenticatedBrowsing": true,
		"FriendlyWebStoreUrl": null,
		"ProductMajorVersions": null,
		"WebStoreID": "a2b019ca-e729-e311-93f4-b8ca3a5db7a1",
		"WebStoreName": "Melbourne Polytechnic",
		"WebStoreUrl": "https://e5.onthehub.com/WebStore/Welcome.aspx?ws=a2b019ca-e729-e311-93f4-b8ca3a5db7a1"
	}
]