[
	{
		"CountryIsoAlpha2Code": "AU",
		"CountryIsoAlpha3Code": "AUS",
		"CountryName": "Australia",
		"InstitutionID": "97a4b343-1683-e011-b380-b8ac6f0ecbe1",
		"OrganizationName": "Aged Care Queensland Incorporated",
		"SubsectorCode": "education_college_university",
		"ProvinceCode": null,
		"AllowUnauthenticatedBrowsing": true,
		"FriendlyWebStoreUrl": null,
		"ProductMajorVersions": null,
		"WebStoreID": "32cf01e0-b48b-e011-969d-0030487d8897",
		"WebStoreName": "ACQI - ITECH",
		"WebStoreUrl": "https://e5.onthehub.com/WebStore/Welcome.aspx?ws=32cf01e0-b48b-e011-969d-0030487d8897"
	}
]