[
	{
		"CountryIsoAlpha2Code": "AU",
		"CountryIsoAlpha3Code": "AUS",
		"CountryName": "Australia",
		"InstitutionID": "cf58be40-af39-e211-aed3-f04da23e67f6",
		"OrganizationName": "Goulburn Ovens Institute of TAFE",
		"SubsectorCode": "education_college_university",
		"ProvinceCode": null,
		"AllowUnauthenticatedBrowsing": true,
		"FriendlyWebStoreUrl": null,
		"ProductMajorVersions": null,
		"WebStoreID": "616bd49a-c923-e411-9403-b8ca3a5db7a1",
		"WebStoreName": "Goulburn Ovens Institute of TAFE",
		"WebStoreUrl": "https://e5.onthehub.com/WebStore/Welcome.aspx?ws=616bd49a-c923-e411-9403-b8ca3a5db7a1"
	}
]