[
	{
		"CountryIsoAlpha2Code": "AU",
		"CountryIsoAlpha3Code": "AUS",
		"CountryName": "Australia",
		"InstitutionID": "d52cf1c0-7293-e311-93fa-b8ca3a5db7a1",
		"OrganizationName": "Australian Capital Territory Education and Training Department Directorate",
		"SubsectorCode": "education_college_university",
		"ProvinceCode": null,
		"AllowUnauthenticatedBrowsing": true,
		"FriendlyWebStoreUrl": null,
		"ProductMajorVersions": null,
		"WebStoreID": "65ff77cd-7293-e311-93fa-b8ca3a5db7a1",
		"WebStoreName": "ACT Education and Training Department Directorate",
		"WebStoreUrl": "https://e5.onthehub.com/WebStore/Welcome.aspx?ws=65ff77cd-7293-e311-93fa-b8ca3a5db7a1"
	},
	{
		"CountryIsoAlpha2Code": "AU",
		"CountryIsoAlpha3Code": "AUS",
		"CountryName": "Australia",
		"InstitutionID": "5d6983f8-b89b-e611-9422-b8ca3a5db7a1",
		"OrganizationName": "Australian Capital Territory Education and Training Department Directorate",
		"SubsectorCode": "education_college_university",
		"ProvinceCode": null,
		"AllowUnauthenticatedBrowsing": true,
		"FriendlyWebStoreUrl": null,
		"ProductMajorVersions": null,
		"WebStoreID": "8f539a04-b99b-e611-9422-b8ca3a5db7a1",
		"WebStoreName": "Hawker College",
		"WebStoreUrl": "https://e5.onthehub.com/WebStore/Welcome.aspx?ws=8f539a04-b99b-e611-9422-b8ca3a5db7a1"
	}
]