[
	{
		"CountryIsoAlpha2Code": "AU",
		"CountryIsoAlpha3Code": "AUS",
		"CountryName": "Australia",
		"InstitutionID": "f4dfad0b-fb2e-e911-8111-000d3af41938",
		"OrganizationName": "Emmanuel Anglican College",
		"SubsectorCode": "education_k_12",
		"ProvinceCode": null,
		"AllowUnauthenticatedBrowsing": true,
		"FriendlyWebStoreUrl": null,
		"ProductMajorVersions": null,
		"WebStoreID": "da93d017-fb2e-e911-8111-000d3af41938",
		"WebStoreName": "Emmanuel Anglican College",
		"WebStoreUrl": "https://e5.onthehub.com/WebStore/Welcome.aspx?ws=da93d017-fb2e-e911-8111-000d3af41938"
	}
]