[
	{
		"CountryIsoAlpha2Code": "AU",
		"CountryIsoAlpha3Code": "AUS",
		"CountryName": "Australia",
		"InstitutionID": "d7c071b9-bf17-e211-a76f-f04da23e67f6",
		"OrganizationName": "Highlands Christian College Toowoomba",
		"SubsectorCode": "education_college_university",
		"ProvinceCode": null,
		"AllowUnauthenticatedBrowsing": true,
		"FriendlyWebStoreUrl": null,
		"ProductMajorVersions": null,
		"WebStoreID": "c2a0289c-8f0b-e411-9401-b8ca3a5db7a1",
		"WebStoreName": "Independent Schools Queensland",
		"WebStoreUrl": "https://e5.onthehub.com/WebStore/Welcome.aspx?ws=c2a0289c-8f0b-e411-9401-b8ca3a5db7a1"
	},
	{
		"CountryIsoAlpha2Code": "AU",
		"CountryIsoAlpha3Code": "AUS",
		"CountryName": "Australia",
		"InstitutionID": "fbb7daa4-61b5-e511-9414-b8ca3a5db7a1",
		"OrganizationName": "Highlands Christian College Toowoomba",
		"SubsectorCode": "education_college_university",
		"ProvinceCode": null,
		"AllowUnauthenticatedBrowsing": true,
		"FriendlyWebStoreUrl": null,
		"ProductMajorVersions": null,
		"WebStoreID": "fdb7daa4-61b5-e511-9414-b8ca3a5db7a1",
		"WebStoreName": "Highlands Christian College Toowoomba",
		"WebStoreUrl": "https://e5.onthehub.com/WebStore/Welcome.aspx?ws=fdb7daa4-61b5-e511-9414-b8ca3a5db7a1"
	}
]