[
	{
		"CountryIsoAlpha2Code": "US",
		"CountryIsoAlpha3Code": "USA",
		"CountryName": "United States",
		"ProvinceCode": "CA",
		"ProvinceName": "California",
		"InstitutionID": "26aaf847-79da-e111-9c76-f04da23fc522",
		"OrganizationName": "Baldwin Park Unified School District",
		"SubsectorCode": "education_k_12",
		"AllowUnauthenticatedBrowsing": true,
		"FriendlyWebStoreUrl": null,
		"ProductMajorVersions": null,
		"WebStoreID": "5caaef2b-357f-e611-9421-b8ca3a5db7a1",
		"WebStoreName": "Baldwin Park Unified School District",
		"WebStoreUrl": "https://e5.onthehub.com/WebStore/Welcome.aspx?ws=5caaef2b-357f-e611-9421-b8ca3a5db7a1"
	},
	{
		"CountryIsoAlpha2Code": "US",
		"CountryIsoAlpha3Code": "USA",
		"CountryName": "United States",
		"ProvinceCode": "CA",
		"ProvinceName": "California",
		"InstitutionID": "c1bd84e4-41b9-e111-ad8d-f04da23e67f6",
		"OrganizationName": "Baldwin Park Unified School District",
		"SubsectorCode": "education_k_12",
		"AllowUnauthenticatedBrowsing": true,
		"FriendlyWebStoreUrl": null,
		"ProductMajorVersions": null,
		"WebStoreID": "d6e5fd96-48b9-e111-ad8d-f04da23e67f6",
		"WebStoreName": "Elementary and High School Teacher Discounts on Microsoft Office and Windows",
		"WebStoreUrl": "https://e5.onthehub.com/WebStore/Welcome.aspx?ws=d6e5fd96-48b9-e111-ad8d-f04da23e67f6"
	}
]