[
	{
		"CountryIsoAlpha2Code": "US",
		"CountryIsoAlpha3Code": "USA",
		"CountryName": "United States",
		"ProvinceCode": "CA",
		"ProvinceName": "California",
		"InstitutionID": "d5dbd39f-6f71-e711-80f1-000d3af41938",
		"OrganizationName": "Advanced Training Associates",
		"SubsectorCode": "education_college_university",
		"AllowUnauthenticatedBrowsing": true,
		"FriendlyWebStoreUrl": null,
		"ProductMajorVersions": null,
		"WebStoreID": "e4dbd39f-6f71-e711-80f1-000d3af41938",
		"WebStoreName": "Advanced Training Associates - Information Systems Technology",
		"WebStoreUrl": "https://e5.onthehub.com/WebStore/Welcome.aspx?ws=e4dbd39f-6f71-e711-80f1-000d3af41938"
	}
]