[
	{
		"CountryIsoAlpha2Code": "US",
		"CountryIsoAlpha3Code": "USA",
		"CountryName": "United States",
		"ProvinceCode": "CA",
		"ProvinceName": "California",
		"InstitutionID": "fa368c80-a7df-db11-9b6e-0010c6cb78ad",
		"OrganizationName": "Art Center College of Design",
		"SubsectorCode": "education_college_university",
		"AllowUnauthenticatedBrowsing": true,
		"FriendlyWebStoreUrl": null,
		"ProductMajorVersions": null,
		"WebStoreID": "ad51619a-3174-e611-9421-b8ca3a5db7a1",
		"WebStoreName": "Art Center College of Design",
		"WebStoreUrl": "https://e5.onthehub.com/WebStore/Welcome.aspx?ws=ad51619a-3174-e611-9421-b8ca3a5db7a1"
	}
]